// Jest Snapshot v1, https://goo.gl/fbAQLP

exports[`QuestionHistory component checks whether the QuestionHistory matches snapshot 1`] = `
<div>
  <p>
    <button
      class="MuiButtonBase-root-17 MuiButton-root-1 MuiButton-sizeSmall-14"
      tabindex="0"
      type="button"
    >
      <span
        class="MuiButton-label-2"
      >
        DE30‚ü∂ 
      </span>
      <span
        class="MuiTouchRipple-root-20"
      />
    </button>
  </p>
</div>
`;
